\BOOKMARK [0][-]{section*.2}{\376\377\000B\000i\000o\000P\000h\000a\000s\000o\000r\000:\000\040\000D\000e\000c\000o\000d\000i\000n\000g\000\040\000C\000e\000l\000l\000u\000l\000a\000r\000\040\000S\000t\000a\000t\000e\000\040\000T\000e\000n\000s\000o\000r\000s\000\040\000f\000r\000o\000m\000\040\000M\000u\000l\000t\000i\000-\000O\000m\000i\000c\000s\000\040\000P\000h\000a\000s\000o\000r\000\040\000D\000y\000n\000a\000m\000i\000c\000s\000\040\000f\000o\000r\000\040\000Q\000u\000a\000n\000t\000u\000m\000\040\000R\000e\000a\000d\000y\000\040\000S\000y\000s\000t\000e\000m\000s\000\040\000B\000i\000o\000l\000o\000g\000y}{}% 2
\BOOKMARK [1][-]{section*.1}{\376\377\000A\000b\000s\000t\000r\000a\000c\000t}{section*.2}% 1
\BOOKMARK [1][-]{section*.3}{\376\377\000I\000n\000t\000r\000o\000d\000u\000c\000t\000i\000o\000n}{section*.2}% 3
\BOOKMARK [2][-]{section*.4}{\376\377\000M\000o\000t\000i\000v\000a\000t\000i\000o\000n\000:\000\040\000F\000r\000o\000m\000\040\000C\000l\000o\000c\000k\000w\000o\000r\000k\000\040\000B\000i\000o\000l\000o\000g\000y\000\040\000t\000o\000\040\000G\000e\000o\000m\000e\000t\000r\000i\000c\000\040\000I\000n\000t\000e\000g\000r\000a\000t\000i\000o\000n}{section*.3}% 4
\BOOKMARK [3][-]{section*.5}{\376\377\000T\000h\000e\000\040\000L\000e\000g\000a\000c\000y\000\040\000o\000f\000\040\000B\000i\000o\000l\000o\000g\000i\000c\000a\000l\000\040\000O\000s\000c\000i\000l\000l\000a\000t\000o\000r\000s}{section*.4}% 5
\BOOKMARK [3][-]{section*.6}{\376\377\000T\000h\000e\000\040\000M\000u\000l\000t\000i\000-\000O\000m\000i\000c\000s\000\040\000E\000x\000p\000a\000n\000s\000i\000o\000n\000\040\000a\000n\000d\000\040\000t\000h\000e\000\040\000E\000u\000c\000l\000i\000d\000e\000a\000n\000\040\000B\000o\000t\000t\000l\000e\000n\000e\000c\000k}{section*.4}% 6
\BOOKMARK [3][-]{section*.7}{\376\377\000P\000h\000a\000s\000e\000\040\000D\000y\000n\000a\000m\000i\000c\000s\000:\000\040\000T\000h\000e\000\040\000M\000i\000s\000s\000i\000n\000g\000\040\000L\000i\000n\000k}{section*.4}% 7
\BOOKMARK [3][-]{section*.8}{\376\377\000B\000i\000o\000P\000h\000a\000s\000o\000r\000:\000\040\000S\000c\000o\000p\000e\000\040\000a\000n\000d\000\040\000C\000o\000n\000t\000r\000i\000b\000u\000t\000i\000o\000n\000s}{section*.4}% 8
\BOOKMARK [1][-]{section*.10}{\376\377\000R\000e\000l\000a\000t\000e\000d\000\040\000W\000o\000r\000k}{section*.2}% 9
\BOOKMARK [1][-]{section*.17}{\376\377\000T\000h\000e\000o\000r\000y\000:\000\040\000P\000h\000a\000s\000o\000r\000\040\000D\000y\000n\000a\000m\000i\000c\000s\000\040\000o\000n\000\040\000t\000h\000e\000\040\000N\000-\000T\000o\000r\000u\000s}{section*.2}% 10
\BOOKMARK [2][-]{section*.18}{\376\377\000S\000t\000a\000t\000e\000\040\000S\000p\000a\000c\000e\000:\000\040\000T\000h\000e\000\040\000N\000-\000T\000o\000r\000u\000s\000\040\000a\000n\000d\000\040\000P\000h\000a\000s\000o\000r\000\040\000E\000n\000c\000o\000d\000i\000n\000g}{section*.17}% 11
\BOOKMARK [2][-]{section*.20}{\376\377\000B\000i\000o\000P\000h\000a\000s\000o\000r\000\040\000E\000n\000c\000o\000d\000i\000n\000g\000\040\000S\000t\000r\000a\000t\000e\000g\000i\000e\000s}{section*.17}% 12
\BOOKMARK [2][-]{section*.24}{\376\377\000C\000i\000r\000c\000u\000l\000a\000r\000\040\000S\000t\000a\000t\000i\000s\000t\000i\000c\000s\000\040\000o\000f\000\040\000P\000h\000a\000s\000o\000r\000\040\000D\000i\000s\000t\000r\000i\000b\000u\000t\000i\000o\000n\000s}{section*.17}% 13
\BOOKMARK [2][-]{section*.27}{\376\377\000R\000i\000e\000m\000a\000n\000n\000i\000a\000n\000\040\000G\000e\000o\000m\000e\000t\000r\000y\000\040\000o\000f\000\040\000T\000N}{section*.17}% 14
\BOOKMARK [2][-]{section*.30}{\376\377\000U\000n\000i\000t\000a\000r\000y\000\040\000O\000p\000e\000r\000a\000t\000i\000o\000n\000s\000:\000\040\000R\000e\000g\000u\000l\000a\000t\000o\000r\000y\000\040\000I\000n\000t\000e\000r\000f\000e\000r\000e\000n\000c\000e}{section*.17}% 15
\BOOKMARK [2][-]{section*.31}{\376\377\000V\000a\000r\000i\000a\000t\000i\000o\000n\000a\000l\000\040\000P\000h\000a\000s\000o\000r\000\040\000C\000i\000r\000c\000u\000i\000t\000\040\000\050\000V\000P\000C\000\051}{section*.17}% 16
\BOOKMARK [2][-]{section*.32}{\376\377\000Q\000u\000a\000n\000t\000u\000m\000\040\000P\000a\000r\000a\000l\000l\000e\000l\000:\000\040\000V\000P\000C\000\040\000a\000s\000\040\000a\000\040\000C\000l\000a\000s\000s\000i\000c\000a\000l\000l\000y\000-\000S\000i\000m\000u\000l\000a\000t\000e\000d\000\040\000V\000Q\000C}{section*.17}% 17
\BOOKMARK [2][-]{section*.34}{\376\377\000C\000o\000u\000p\000l\000e\000d\000\040\000O\000s\000c\000i\000l\000l\000a\000t\000o\000r\000\040\000D\000y\000n\000a\000m\000i\000c\000s\000:\000\040\000K\000u\000r\000a\000m\000o\000t\000o\000\040\000M\000o\000d\000e\000l}{section*.17}% 18
\BOOKMARK [2][-]{section*.35}{\376\377\000B\000i\000o\000l\000o\000g\000i\000c\000a\000l\000\040\000P\000h\000a\000s\000o\000r\000\040\000T\000r\000a\000n\000s\000f\000o\000r\000m\000\040\000\050\000B\000P\000T\000\051\000\040\000f\000o\000r\000\040\000T\000i\000m\000e\000-\000S\000e\000r\000i\000e\000s}{section*.17}% 19
\BOOKMARK [2][-]{section*.36}{\376\377\000P\000h\000a\000s\000e\000\040\000L\000o\000c\000k\000i\000n\000g\000\040\000V\000a\000l\000u\000e\000\040\000a\000n\000d\000\040\000S\000y\000n\000c\000h\000r\000o\000n\000y\000\040\000M\000e\000t\000r\000i\000c\000s}{section*.17}% 20
\BOOKMARK [2][-]{section*.38}{\376\377\000M\000u\000l\000t\000i\000-\000O\000m\000i\000c\000s\000\040\000C\000o\000h\000e\000r\000e\000n\000c\000e\000\040\000F\000u\000s\000i\000o\000n}{section*.17}% 21
\BOOKMARK [2][-]{section*.39}{\376\377\000P\000h\000a\000s\000o\000r\000\040\000T\000r\000a\000n\000s\000f\000o\000r\000m\000e\000r\000\040\000a\000n\000d\000\040\000L\000a\000r\000g\000e\000\040\000P\000h\000a\000s\000o\000r\000\040\000M\000o\000d\000e\000l\000\040\000\050\000L\000P\000M\000\051}{section*.17}% 22
\BOOKMARK [2][-]{section*.40}{\376\377\000D\000i\000s\000s\000i\000p\000a\000t\000i\000v\000e\000\040\000O\000s\000c\000i\000l\000l\000a\000t\000o\000r\000s\000\040\000a\000n\000d\000\040\000P\000h\000a\000s\000e\000\040\000R\000e\000d\000u\000c\000t\000i\000o\000n}{section*.17}% 23
\BOOKMARK [2][-]{section*.41}{\376\377\000B\000i\000f\000u\000r\000c\000a\000t\000i\000o\000n\000s\000\040\000a\000n\000d\000\040\000C\000e\000l\000l\000-\000F\000a\000t\000e\000\040\000D\000e\000c\000i\000s\000i\000o\000n\000s}{section*.17}% 24
\BOOKMARK [1][-]{section*.42}{\376\377\000B\000i\000o\000p\000h\000a\000s\000o\000r\000\040\000F\000o\000r\000m\000u\000l\000a\000t\000i\000o\000n}{section*.2}% 25
\BOOKMARK [2][-]{section*.43}{\376\377\000C\000e\000l\000l\000s\000\040\000a\000s\000\040\000D\000i\000s\000s\000i\000p\000a\000t\000i\000v\000e\000\040\000O\000s\000c\000i\000l\000l\000a\000t\000o\000r\000s}{section*.42}% 26
\BOOKMARK [2][-]{section*.44}{\376\377\000L\000i\000m\000i\000t\000\040\000C\000y\000c\000l\000e\000\040\000P\000r\000o\000l\000i\000f\000e\000r\000a\000t\000i\000o\000n}{section*.42}% 27
\BOOKMARK [2][-]{section*.45}{\376\377\000A\000t\000t\000r\000a\000c\000t\000o\000r\000\040\000L\000a\000n\000d\000s\000c\000a\000p\000e\000\040\000a\000s\000\040\000C\000e\000l\000l\000-\000F\000a\000t\000e\000\040\000G\000e\000o\000m\000e\000t\000r\000y}{section*.42}% 28
\BOOKMARK [2][-]{section*.46}{\376\377\000B\000i\000o\000p\000h\000a\000s\000o\000r\000\040\000C\000o\000r\000e\000\040\000M\000a\000p\000p\000i\000n\000g}{section*.42}% 29
\BOOKMARK [2][-]{section*.47}{\376\377\000I\000n\000t\000e\000r\000p\000r\000e\000t\000a\000b\000i\000l\000i\000t\000y\000\040\000C\000o\000n\000s\000t\000r\000a\000i\000n\000t}{section*.42}% 30
\BOOKMARK [1][-]{section*.48}{\376\377\000C\000e\000l\000l\000\040\000S\000t\000a\000t\000e\000\040\000T\000e\000n\000s\000o\000r\000\040\000\050\000C\000S\000T\000\051}{section*.2}% 31
\BOOKMARK [2][-]{section*.49}{\376\377\000D\000e\000f\000i\000n\000i\000t\000i\000o\000n}{section*.48}% 32
\BOOKMARK [2][-]{section*.50}{\376\377\000M\000e\000a\000s\000u\000r\000e\000d\000\040\000I\000n\000s\000t\000a\000n\000t\000i\000a\000t\000i\000o\000n\000\040\000o\000f\000\040\000t\000h\000e\000\040\000C\000S\000T\000\040\000A\000x\000e\000s}{section*.48}% 33
\BOOKMARK [2][-]{section*.51}{\376\377\000A\000n\000\040\000E\000x\000p\000a\000n\000d\000e\000d\000\040\000R\000e\000g\000u\000l\000a\000t\000o\000r\000y\000\040\000A\000x\000i\000s\000:\000\040\000T\000h\000e\000\040\000O\000m\000i\000c\000s\000\040\000C\000o\000n\000n\000e\000c\000t\000o\000m\000e\000\040\000a\000n\000d\000\040\000I\000t\000s\000\040\000H\000a\000r\000m\000o\000n\000i\000c\000s}{section*.48}% 34
\BOOKMARK [2][-]{section*.53}{\376\377\000T\000h\000e\000\040\000O\000m\000i\000c\000s\000\040\000C\000o\000n\000n\000e\000c\000t\000o\000m\000e\000\040\000M\000a\000t\000r\000i\000x}{section*.48}% 35
\BOOKMARK [2][-]{section*.54}{\376\377\000Z\000e\000r\000o\000\040\000c\000y\000c\000l\000e\000\040\000f\000l\000u\000x\000,\000\040\000a\000n\000d\000\040\000h\000o\000w\000\040\000t\000o\000\040\000m\000a\000k\000e\000\040\000t\000h\000e\000\040\000p\000h\000a\000s\000e\000\040\000d\000o\000\040\000t\000o\000p\000o\000l\000o\000g\000i\000c\000a\000l\000\040\000w\000o\000r\000k}{section*.48}% 36
\BOOKMARK [2][-]{section*.59}{\376\377\000O\000m\000i\000c\000s\000\040\000h\000a\000r\000m\000o\000n\000i\000c\000s}{section*.48}% 37
\BOOKMARK [2][-]{section*.61}{\376\377\000S\000p\000e\000c\000t\000r\000a\000l\000\040\000i\000n\000d\000i\000c\000a\000t\000o\000r\000s}{section*.48}% 38
\BOOKMARK [2][-]{section*.62}{\376\377\000T\000h\000e\000\040\000C\000o\000m\000p\000a\000r\000t\000m\000e\000n\000t\000\040\000C\000o\000u\000p\000l\000i\000n\000g\000\040\000M\000a\000t\000r\000i\000x}{section*.48}% 39
\BOOKMARK [2][-]{section*.64}{\376\377\000S\000p\000e\000c\000t\000r\000a\000l\000\040\000s\000t\000a\000t\000e\000\040\000c\000l\000a\000s\000s\000e\000s\000\040\000a\000n\000d\000\040\000t\000h\000e\000\040\000s\000t\000a\000t\000e\000\040\000r\000e\000c\000o\000r\000d}{section*.48}% 40
\BOOKMARK [2][-]{section*.66}{\376\377\000C\000o\000n\000s\000i\000s\000t\000e\000n\000c\000y\000\040\000s\000u\000i\000t\000e}{section*.48}% 41
\BOOKMARK [2][-]{section*.67}{\376\377\000C\000o\000n\000s\000t\000r\000u\000c\000t\000i\000o\000n\000\040\000f\000r\000o\000m\000\040\000A\000t\000t\000r\000a\000c\000t\000o\000r\000\040\000G\000e\000o\000m\000e\000t\000r\000y}{section*.48}% 42
\BOOKMARK [2][-]{section*.68}{\376\377\000T\000e\000n\000s\000o\000r\000-\000N\000e\000t\000w\000o\000r\000k\000\040\000F\000a\000c\000t\000o\000r\000i\000z\000a\000t\000i\000o\000n\000\040\000o\000f\000\040\000C\000S\000T}{section*.48}% 43
\BOOKMARK [2][-]{section*.69}{\376\377\000T\000e\000m\000p\000o\000r\000a\000l\000\040\000U\000p\000d\000a\000t\000e\000\040\000R\000u\000l\000e}{section*.48}% 44
\BOOKMARK [2][-]{section*.70}{\376\377\000U\000n\000c\000e\000r\000t\000a\000i\000n\000t\000y\000-\000A\000w\000a\000r\000e\000\040\000C\000S\000T}{section*.48}% 45
\BOOKMARK [2][-]{section*.71}{\376\377\000Q\000u\000a\000n\000t\000u\000m\000-\000I\000n\000f\000o\000r\000m\000a\000t\000i\000o\000n\000\040\000I\000n\000t\000e\000r\000p\000r\000e\000t\000a\000t\000i\000o\000n\000\040\000o\000f\000\040\000t\000h\000e\000\040\000C\000S\000T}{section*.48}% 46
\BOOKMARK [2][-]{section*.72}{\376\377\000F\000l\000o\000q\000u\000e\000t\000\040\000S\000t\000a\000b\000i\000l\000i\000t\000y\000\040\000a\000n\000d\000\040\000L\000y\000a\000p\000u\000n\000o\000v\000\040\000C\000h\000a\000r\000a\000c\000t\000e\000r\000i\000z\000a\000t\000i\000o\000n}{section*.48}% 47
\BOOKMARK [2][-]{section*.73}{\376\377\000M\000a\000r\000k\000o\000v\000\040\000T\000r\000a\000n\000s\000i\000t\000i\000o\000n\000\040\000D\000y\000n\000a\000m\000i\000c\000s\000\040\000B\000e\000t\000w\000e\000e\000n\000\040\000A\000t\000t\000r\000a\000c\000t\000o\000r\000\040\000B\000a\000s\000i\000n\000s}{section*.48}% 48
\BOOKMARK [2][-]{section*.74}{\376\377\000D\000e\000c\000o\000h\000e\000r\000e\000n\000c\000e\000\040\000L\000i\000m\000i\000t\000:\000\040\000W\000h\000e\000n\000\040\000C\000l\000a\000s\000s\000i\000c\000a\000l\000\040\000E\000q\000u\000a\000l\000s\000\040\000Q\000u\000a\000n\000t\000u\000m}{section*.48}% 49
\BOOKMARK [2][-]{section*.75}{\376\377\000C\000S\000T\000\040\000A\000x\000i\000s\000\040\000S\000e\000m\000a\000n\000t\000i\000c\000s\000\040\000i\000n\000\040\000t\000h\000e\000\040\000C\000e\000l\000l\000u\000l\000a\000r\000\040\000C\000o\000n\000t\000e\000x\000t}{section*.48}% 50
\BOOKMARK [1][-]{section*.77}{\376\377\000M\000e\000t\000h\000o\000d\000s\000:\000\040\000T\000h\000e\000\040\000B\000i\000o\000P\000h\000a\000s\000o\000r\000\040\000C\000o\000m\000p\000u\000t\000a\000t\000i\000o\000n\000a\000l\000\040\000P\000i\000p\000e\000l\000i\000n\000e}{section*.2}% 51
\BOOKMARK [2][-]{section*.78}{\376\377\000B\000i\000o\000P\000h\000a\000s\000o\000r\000\040\000S\000y\000s\000t\000e\000m\000\040\000A\000r\000c\000h\000i\000t\000e\000c\000t\000u\000r\000e}{section*.77}% 52
\BOOKMARK [2][-]{section*.80}{\376\377\000D\000a\000t\000a\000\040\000P\000r\000e\000-\000P\000r\000o\000c\000e\000s\000s\000i\000n\000g\000\040\000P\000i\000p\000e\000l\000i\000n\000e}{section*.77}% 53
\BOOKMARK [2][-]{section*.81}{\376\377\000M\000o\000d\000e\000l\000\040\000C\000o\000n\000f\000i\000g\000u\000r\000a\000t\000i\000o\000n}{section*.77}% 54
\BOOKMARK [2][-]{section*.83}{\376\377\000T\000r\000a\000i\000n\000i\000n\000g\000\040\000P\000r\000o\000t\000o\000c\000o\000l}{section*.77}% 55
\BOOKMARK [2][-]{section*.84}{\376\377\000E\000x\000p\000e\000r\000i\000m\000e\000n\000t\000a\000l\000\040\000S\000c\000e\000n\000a\000r\000i\000o\000s}{section*.77}% 56
\BOOKMARK [3][-]{section*.85}{\376\377\000S\000c\000e\000n\000a\000r\000i\000o\000\040\0001\000:\000\040\000E\000n\000c\000o\000d\000i\000n\000g\000\040\000C\000o\000m\000p\000a\000r\000i\000s\000o\000n\000\040\000a\000n\000d\000\040\000C\000o\000h\000e\000r\000e\000n\000c\000e\000\040\000G\000e\000n\000e\000\040\000S\000e\000l\000e\000c\000t\000i\000o\000n}{section*.84}% 57
\BOOKMARK [3][-]{section*.86}{\376\377\000S\000c\000e\000n\000a\000r\000i\000o\000\040\0002\000:\000\040\000C\000e\000l\000l\000\040\000C\000y\000c\000l\000e\000\040\000P\000h\000a\000s\000e\000\040\000A\000s\000s\000i\000g\000n\000m\000e\000n\000t}{section*.84}% 58
\BOOKMARK [3][-]{section*.87}{\376\377\000S\000c\000e\000n\000a\000r\000i\000o\000\040\0003\000:\000\040\000K\000u\000r\000a\000m\000o\000t\000o\000\040\000G\000e\000n\000e\000\040\000N\000e\000t\000w\000o\000r\000k\000\040\000S\000y\000n\000c\000h\000r\000o\000n\000y}{section*.84}% 59
\BOOKMARK [3][-]{section*.88}{\376\377\000S\000c\000e\000n\000a\000r\000i\000o\000\040\0004\000:\000\040\000C\000i\000r\000c\000a\000d\000i\000a\000n\000\040\000R\000h\000y\000t\000h\000m\000\040\000A\000n\000a\000l\000y\000s\000i\000s}{section*.84}% 60
\BOOKMARK [3][-]{section*.89}{\376\377\000S\000c\000e\000n\000a\000r\000i\000o\000\040\0005\000:\000\040\000M\000u\000l\000t\000i\000-\000O\000m\000i\000c\000s\000\040\000I\000n\000t\000e\000g\000r\000a\000t\000i\000o\000n\000\040\000a\000n\000d\000\040\000P\000h\000a\000s\000o\000r\000\040\000C\000l\000a\000s\000s\000i\000f\000i\000c\000a\000t\000i\000o\000n}{section*.84}% 61
\BOOKMARK [2][-]{section*.90}{\376\377\000E\000v\000a\000l\000u\000a\000t\000i\000o\000n\000\040\000M\000e\000t\000r\000i\000c\000s}{section*.77}% 62
\BOOKMARK [2][-]{section*.91}{\376\377\000R\000e\000p\000r\000o\000d\000u\000c\000i\000b\000i\000l\000i\000t\000y}{section*.77}% 63
\BOOKMARK [1][-]{section*.92}{\376\377\000R\000e\000s\000u\000l\000t\000s}{section*.2}% 64
\BOOKMARK [2][-]{section*.94}{\376\377\000E\000n\000c\000o\000d\000i\000n\000g\000\040\000C\000o\000m\000p\000a\000r\000i\000s\000o\000n\000\040\000a\000n\000d\000\040\000C\000o\000h\000e\000r\000e\000n\000c\000e\000-\000B\000a\000s\000e\000d\000\040\000G\000e\000n\000e\000\040\000S\000e\000l\000e\000c\000t\000i\000o\000n}{section*.92}% 65
\BOOKMARK [2][-]{section*.98}{\376\377\000C\000e\000l\000l\000\040\000C\000y\000c\000l\000e\000\040\000P\000h\000a\000s\000e\000\040\000A\000s\000s\000i\000g\000n\000m\000e\000n\000t}{section*.92}% 66
\BOOKMARK [2][-]{section*.102}{\376\377\000C\000i\000r\000c\000a\000d\000i\000a\000n\000\040\000R\000h\000y\000t\000h\000m\000\040\000A\000n\000a\000l\000y\000s\000i\000s}{section*.92}% 67
\BOOKMARK [2][-]{section*.107}{\376\377\000K\000u\000r\000a\000m\000o\000t\000o\000\040\000G\000e\000n\000e\000\040\000N\000e\000t\000w\000o\000r\000k\000\040\000S\000y\000n\000c\000h\000r\000o\000n\000y}{section*.92}% 68
\BOOKMARK [2][-]{section*.110}{\376\377\000M\000u\000l\000t\000i\000-\000O\000m\000i\000c\000s\000\040\000I\000n\000t\000e\000g\000r\000a\000t\000i\000o\000n}{section*.92}% 69
\BOOKMARK [2][-]{section*.113}{\376\377\000H\000e\000a\000d\000-\000t\000o\000-\000H\000e\000a\000d\000\040\000B\000e\000n\000c\000h\000m\000a\000r\000k\000\040\000A\000g\000a\000i\000n\000s\000t\000\040\000E\000s\000t\000a\000b\000l\000i\000s\000h\000e\000d\000\040\000I\000n\000t\000e\000g\000r\000a\000t\000o\000r\000s}{section*.92}% 70
\BOOKMARK [2][-]{section*.115}{\376\377\000H\000a\000r\000d\000,\000\040\000W\000e\000l\000l\000-\000P\000o\000w\000e\000r\000e\000d\000\040\000C\000l\000i\000n\000i\000c\000a\000l\000\040\000T\000a\000s\000k\000s}{section*.92}% 71
\BOOKMARK [2][-]{section*.117}{\376\377\000P\000h\000a\000s\000o\000r\000\040\000C\000l\000a\000s\000s\000i\000f\000i\000c\000a\000t\000i\000o\000n\000\040\000a\000n\000d\000\040\000P\000a\000r\000a\000m\000e\000t\000e\000r\000\040\000E\000f\000f\000i\000c\000i\000e\000n\000c\000y}{section*.92}% 72
\BOOKMARK [2][-]{section*.121}{\376\377\000M\000a\000n\000i\000f\000o\000l\000d\000\040\000G\000e\000o\000m\000e\000t\000r\000y\000\040\000V\000a\000l\000i\000d\000a\000t\000i\000o\000n}{section*.92}% 73
\BOOKMARK [2][-]{section*.124}{\376\377\000C\000e\000l\000l\000\040\000S\000t\000a\000t\000e\000\040\000T\000e\000n\000s\000o\000r\000\040\000C\000o\000n\000s\000t\000r\000u\000c\000t\000i\000o\000n\000\040\000a\000n\000d\000\040\000D\000y\000n\000a\000m\000i\000c\000s}{section*.92}% 74
\BOOKMARK [2][-]{section*.127}{\376\377\000T\000i\000m\000e\000-\000R\000e\000s\000o\000l\000v\000e\000d\000\040\000C\000S\000T\000\040\000P\000r\000o\000f\000i\000l\000e\000s\000\040\000o\000n\000\040\000R\000e\000a\000l\000\040\000B\000i\000o\000l\000o\000g\000i\000c\000a\000l\000\040\000T\000i\000m\000e\000-\000S\000e\000r\000i\000e\000s}{section*.92}% 75
\BOOKMARK [2][-]{section*.130}{\376\377\000T\000e\000n\000s\000o\000r\000-\000N\000e\000t\000w\000o\000r\000k\000\040\000F\000a\000c\000t\000o\000r\000i\000z\000a\000t\000i\000o\000n\000\040\000a\000n\000d\000\040\000U\000n\000c\000e\000r\000t\000a\000i\000n\000t\000y\000\040\000o\000f\000\040\000t\000h\000e\000\040\000C\000S\000T}{section*.92}% 76
\BOOKMARK [2][-]{section*.133}{\376\377\000A\000\040\000P\000a\000t\000h\000w\000a\000y\000\040\000A\000t\000l\000a\000s\000\040\000R\000o\000o\000t\000s\000\040\000t\000h\000e\000\040\000R\000e\000g\000u\000l\000a\000t\000o\000r\000y\000\040\000A\000x\000i\000s\000\040\000a\000n\000d\000\040\000M\000a\000k\000e\000s\000\040\000t\000h\000e\000\040\000C\000S\000T\000\040\000C\000o\000m\000p\000r\000e\000s\000s\000i\000b\000l\000e}{section*.92}% 77
\BOOKMARK [2][-]{section*.136}{\376\377\000C\000e\000n\000t\000r\000a\000l\000-\000D\000o\000g\000m\000a\000\040\000C\000r\000o\000s\000s\000-\000M\000o\000d\000a\000l\000\040\000P\000h\000a\000s\000e\000\040\000C\000o\000u\000p\000l\000i\000n\000g\000\040\000\050\000`\000`\000O\000m\000i\000c\000s\000-\000P\000A\000C\000'\000'\000\051}{section*.92}% 78
\BOOKMARK [2][-]{section*.140}{\376\377\000A\000t\000t\000r\000a\000c\000t\000o\000r\000\040\000L\000a\000n\000d\000s\000c\000a\000p\000e\000\040\000a\000n\000d\000\040\000W\000a\000d\000d\000i\000n\000g\000t\000o\000n\000\040\000Q\000u\000a\000s\000i\000-\000P\000o\000t\000e\000n\000t\000i\000a\000l}{section*.92}% 79
\BOOKMARK [2][-]{section*.143}{\376\377\000L\000i\000m\000i\000t\000\040\000C\000y\000c\000l\000e\000\040\000D\000e\000t\000e\000c\000t\000i\000o\000n\000\040\000a\000n\000d\000\040\000F\000l\000o\000q\000u\000e\000t\000\040\000S\000t\000a\000b\000i\000l\000i\000t\000y}{section*.92}% 80
\BOOKMARK [2][-]{section*.145}{\376\377\000D\000a\000t\000a\000\040\000S\000o\000u\000r\000c\000e\000s\000\040\000a\000n\000d\000\040\000R\000e\000p\000r\000o\000d\000u\000c\000i\000b\000i\000l\000i\000t\000y}{section*.92}% 81
\BOOKMARK [1][-]{section*.147}{\376\377\000C\000l\000a\000s\000s\000i\000c\000a\000l\040\023\000Q\000u\000a\000n\000t\000u\000m\000\040\000C\000o\000r\000r\000e\000s\000p\000o\000n\000d\000e\000n\000c\000e\000\040\000o\000f\000\040\000t\000h\000e\000\040\000C\000S\000T}{section*.2}% 82
\BOOKMARK [2][-]{section*.148}{\376\377\000S\000t\000a\000t\000e\000-\000L\000e\000v\000e\000l\000\040\000C\000o\000r\000r\000e\000s\000p\000o\000n\000d\000e\000n\000c\000e\000:\000\040\000E\000n\000t\000r\000o\000p\000y\000\040\000a\000n\000d\000\040\000C\000o\000h\000e\000r\000e\000n\000c\000e}{section*.147}% 83
\BOOKMARK [2][-]{section*.150}{\376\377\000D\000e\000n\000s\000i\000t\000y\000-\000M\000a\000t\000r\000i\000x\000\040\000D\000i\000s\000t\000i\000n\000g\000u\000i\000s\000h\000a\000b\000i\000l\000i\000t\000y\000:\000\040\000T\000u\000m\000o\000u\000r\000\040\000v\000s\000\040\000N\000o\000r\000m\000a\000l}{section*.147}% 84
\BOOKMARK [2][-]{section*.154}{\376\377\000G\000a\000t\000e\000-\000L\000e\000v\000e\000l\000\040\000C\000o\000r\000r\000e\000s\000p\000o\000n\000d\000e\000n\000c\000e\000\040\000a\000n\000d\000\040\000C\000o\000m\000p\000l\000e\000x\000i\000t\000y\000\040\000S\000c\000a\000l\000i\000n\000g}{section*.147}% 85
\BOOKMARK [2][-]{section*.157}{\376\377\000Q\000u\000a\000n\000t\000u\000m\040\023\000C\000l\000a\000s\000s\000i\000c\000a\000l\000\040\000V\000a\000l\000i\000d\000a\000t\000i\000o\000n\000\040\000S\000u\000m\000m\000a\000r\000y}{section*.147}% 86
\BOOKMARK [1][-]{section*.159}{\376\377\000D\000i\000s\000c\000u\000s\000s\000i\000o\000n}{section*.2}% 87
\BOOKMARK [2][-]{section*.160}{\376\377\000B\000i\000o\000l\000o\000g\000i\000c\000a\000l\000\040\000I\000n\000t\000e\000r\000p\000r\000e\000t\000a\000t\000i\000o\000n\000\040\000o\000f\000\040\000P\000h\000a\000s\000e\000\040\000C\000o\000h\000e\000r\000e\000n\000c\000e}{section*.159}% 88
\BOOKMARK [2][-]{section*.161}{\376\377\000C\000o\000m\000p\000a\000r\000i\000s\000o\000n\000\040\000w\000i\000t\000h\000\040\000E\000x\000i\000s\000t\000i\000n\000g\000\040\000M\000u\000l\000t\000i\000-\000O\000m\000i\000c\000s\000\040\000M\000e\000t\000h\000o\000d\000s}{section*.159}% 89
\BOOKMARK [2][-]{section*.162}{\376\377\000B\000i\000o\000P\000h\000a\000s\000o\000r\000\040\000a\000s\000\040\000a\000n\000\040\000E\000c\000o\000s\000y\000s\000t\000e\000m\000,\000\040\000N\000o\000t\000\040\000a\000\040\000S\000i\000n\000g\000l\000e\000\040\000M\000o\000d\000e\000l}{section*.159}% 90
\BOOKMARK [2][-]{section*.163}{\376\377\000C\000i\000r\000c\000u\000l\000a\000r\000\040\000S\000t\000a\000t\000i\000s\000t\000i\000c\000s\000\040\000R\000e\000p\000l\000a\000c\000e\000\040\000L\000i\000n\000e\000a\000r\000\040\000S\000t\000a\000t\000i\000s\000t\000i\000c\000s\000\040\000f\000o\000r\000\040\000O\000s\000c\000i\000l\000l\000a\000t\000o\000r\000y\000\040\000D\000a\000t\000a}{section*.159}% 91
\BOOKMARK [2][-]{section*.164}{\376\377\000K\000u\000r\000a\000m\000o\000t\000o\000\040\000D\000y\000n\000a\000m\000i\000c\000s\000\040\000a\000s\000\040\000a\000\040\000P\000r\000e\000d\000i\000c\000t\000i\000v\000e\000\040\000G\000R\000N\000\040\000M\000o\000d\000e\000l}{section*.159}% 92
\BOOKMARK [2][-]{section*.165}{\376\377\000D\000e\000t\000e\000c\000t\000i\000o\000n\000\040\000o\000f\000\040\000P\000h\000a\000s\000e\000\040\000D\000e\000s\000y\000n\000c\000h\000r\000o\000n\000i\000z\000a\000t\000i\000o\000n\000\040\000i\000n\000\040\000C\000l\000i\000n\000i\000c\000a\000l\000\040\000S\000e\000t\000t\000i\000n\000g\000s}{section*.159}% 93
\BOOKMARK [2][-]{section*.166}{\376\377\000C\000e\000l\000l\000\040\000S\000t\000a\000t\000e\000\040\000T\000e\000n\000s\000o\000r\000\040\000a\000s\000\040\000a\000n\000\040\000I\000n\000t\000e\000r\000p\000r\000e\000t\000a\000b\000l\000e\000\040\000C\000e\000l\000l\000u\000l\000a\000r\000\040\000D\000i\000g\000i\000t\000a\000l\000\040\000T\000w\000i\000n}{section*.159}% 94
\BOOKMARK [2][-]{section*.167}{\376\377\000D\000i\000s\000s\000i\000p\000a\000t\000i\000v\000e\000\040\000D\000y\000n\000a\000m\000i\000c\000s\000\040\000C\000o\000n\000n\000e\000c\000t\000\040\000O\000s\000c\000i\000l\000l\000a\000t\000o\000r\000y\000\040\000a\000n\000d\000\040\000F\000a\000t\000e\000-\000D\000e\000c\000i\000s\000i\000o\000n\000\040\000B\000i\000o\000l\000o\000g\000y}{section*.159}% 95
\BOOKMARK [2][-]{section*.168}{\376\377\000C\000S\000T\000\040\000a\000s\000\040\000a\000\040\000U\000n\000i\000f\000y\000i\000n\000g\000\040\000C\000e\000l\000l\000u\000l\000a\000r\000\040\000S\000t\000a\000t\000e\000\040\000R\000e\000p\000r\000e\000s\000e\000n\000t\000a\000t\000i\000o\000n}{section*.159}% 96
\BOOKMARK [2][-]{section*.169}{\376\377\000R\000o\000o\000t\000i\000n\000g\000\040\000t\000h\000e\000\040\000C\000S\000T\000\040\000i\000n\000\040\000t\000h\000e\000\040\000S\000t\000r\000u\000c\000t\000u\000r\000e\000\040\000o\000f\000\040\000M\000u\000l\000t\000i\000-\000O\000m\000i\000c\000s\000\040\000D\000a\000t\000a}{section*.159}% 97
\BOOKMARK [2][-]{section*.170}{\376\377\000L\000i\000m\000i\000t\000a\000t\000i\000o\000n\000s}{section*.159}% 98
\BOOKMARK [2][-]{section*.173}{\376\377\000A\000\040\000B\000r\000i\000d\000g\000e\000\040\000B\000e\000t\000w\000e\000e\000n\000\040\000C\000l\000a\000s\000s\000i\000c\000a\000l\000\040\000a\000n\000d\000\040\000Q\000u\000a\000n\000t\000u\000m\000\040\000B\000i\000o\000l\000o\000g\000i\000c\000a\000l\000\040\000S\000i\000m\000u\000l\000a\000t\000i\000o\000n}{section*.159}% 99
\BOOKMARK [1][-]{section*.174}{\376\377\000F\000u\000t\000u\000r\000e\000\040\000W\000o\000r\000k}{section*.2}% 100
\BOOKMARK [2][-]{section*.175}{\376\377\000v\0000\000.\0002\000:\000\040\000N\000e\000t\000w\000o\000r\000k\000\040\000M\000o\000d\000u\000l\000e\000\040\000a\000n\000d\000\040\000R\000e\000a\000l\000-\000D\000a\000t\000a\000\040\000B\000e\000n\000c\000h\000m\000a\000r\000k\000s}{section*.174}% 101
\BOOKMARK [2][-]{section*.176}{\376\377\000C\000S\000T\000-\000B\000a\000s\000e\000d\000\040\000C\000e\000l\000l\000u\000l\000a\000r\000\040\000D\000i\000g\000i\000t\000a\000l\000\040\000T\000w\000i\000n}{section*.174}% 102
\BOOKMARK [2][-]{section*.177}{\376\377\000A\000t\000t\000r\000a\000c\000t\000o\000r\000\040\000T\000h\000e\000r\000a\000p\000y\000:\000\040\000G\000u\000i\000d\000e\000d\000\040\000C\000e\000l\000l\000-\000S\000t\000a\000t\000e\000\040\000R\000e\000p\000r\000o\000g\000r\000a\000m\000m\000i\000n\000g}{section*.174}% 103
\BOOKMARK [2][-]{section*.178}{\376\377\000O\000n\000c\000o\000l\000o\000g\000y\000:\000\040\000P\000h\000a\000s\000e\000-\000F\000l\000i\000p\000\040\000S\000y\000n\000t\000h\000e\000t\000i\000c\000\040\000L\000e\000t\000h\000a\000l\000i\000t\000y\000\040\000S\000c\000r\000e\000e\000n\000i\000n\000g}{section*.174}% 104
\BOOKMARK [2][-]{section*.179}{\376\377\000C\000h\000r\000o\000n\000o\000b\000i\000o\000l\000o\000g\000y\000:\000\040\000M\000e\000t\000a\000b\000o\000l\000i\000c\000\040\000J\000e\000t\000\040\000L\000a\000g\000\040\000a\000n\000d\000\040\000C\000i\000r\000c\000a\000d\000i\000a\000n\000\040\000P\000h\000a\000s\000e\000\040\000D\000r\000i\000f\000t}{section*.174}% 105
\BOOKMARK [2][-]{section*.180}{\376\377\000M\000i\000c\000r\000o\000b\000i\000o\000m\000e\040\023\000G\000u\000t\040\023\000B\000r\000a\000i\000n\000\040\000A\000x\000i\000s\000\040\000E\000n\000t\000r\000a\000i\000n\000m\000e\000n\000t}{section*.174}% 106
\BOOKMARK [2][-]{section*.181}{\376\377\000P\000a\000n\000-\000C\000a\000n\000c\000e\000r\000\040\000T\000o\000r\000u\000s\000\040\000C\000o\000h\000e\000r\000e\000n\000c\000e\000\040\000S\000c\000o\000r\000e\000\040\000a\000s\000\040\000P\000r\000o\000g\000n\000o\000s\000i\000s\000\040\000M\000e\000t\000r\000i\000c}{section*.174}% 107
\BOOKMARK [2][-]{section*.182}{\376\377\000S\000i\000n\000g\000l\000e\000-\000C\000e\000l\000l\000\040\000P\000h\000a\000s\000o\000r\000\040\000V\000e\000l\000o\000c\000i\000t\000y\000\040\000\050\000s\000c\000P\000h\000a\000s\000o\000r\000V\000e\000l\000o\000c\000i\000t\000y\000\051}{section*.174}% 108
\BOOKMARK [2][-]{section*.183}{\376\377\000S\000p\000a\000t\000i\000a\000l\000\040\000T\000r\000a\000n\000s\000c\000r\000i\000p\000t\000o\000m\000i\000c\000s\000:\000\040\000P\000h\000a\000s\000o\000r\000\040\000F\000i\000e\000l\000d\000\040\000M\000a\000p\000s}{section*.174}% 109
\BOOKMARK [2][-]{section*.184}{\376\377\000D\000i\000r\000e\000c\000t\000\040\000N\000I\000S\000Q\000\040\000H\000a\000r\000d\000w\000a\000r\000e\000\040\000V\000Q\000C\000\040\000C\000o\000m\000p\000i\000l\000a\000t\000i\000o\000n}{section*.174}% 110
\BOOKMARK [1][-]{section*.185}{\376\377\000C\000o\000n\000c\000l\000u\000s\000i\000o\000n}{section*.2}% 111
\BOOKMARK [1][-]{section*.186}{\376\377\000R\000e\000f\000e\000r\000e\000n\000c\000e\000s}{section*.2}% 112
